
=======================================================
STARTING COUNTRY INFERENCE: US
=======================================================
Loaded 663,106 test queries for US.
Loading target records for US...
Loaded 3,817,031 targets in 3.84s. Building inverted index...
Inverted index built in 131.94s. RAM: 5526.1 MB
Total chunks to process: 133 (chunk size = 5,000)
  [Chunk US_0000] Already complete (5,000 entities). Skipping.
  [Chunk US_0001] Processing 5,000 entities...
  [Chunk US_0001] Completed in 86.1s (58.1 ent/s). Claims: 22,863
  [Chunk US_0002] Processing 5,000 entities...
  [Chunk US_0002] Completed in 463.7s (10.8 ent/s). Claims: 23,255
  [Chunk US_0003] Processing 5,000 entities...
  [Chunk US_0003] Completed in 762.1s (6.6 ent/s). Claims: 23,204
  [Chunk US_0004] Processing 5,000 entities...
taskpolicy: The -B option can only be used with the -p option
Usage: taskpolicy [-x|-X] [-d <policy>] [-g <policy>] [-c <clamp>] [-b] [-t <tier>]
                  [-l <tier>] [-a] [-s] [-S <shims>] [-P <control>]
                  [-m <limit>] [-j <pri>] <program> [<pargs> [...]]
       taskpolicy [-b|-B] [-t <tier>] [-l <tier>] -p pid

=======================================================
STARTING COUNTRY INFERENCE: US
=======================================================
Loaded 663,106 test queries for US.
Loading target records for US...
Loaded 3,817,031 targets in 3.97s. Building inverted index...
Inverted index built in 133.33s. RAM: 5519.3 MB
Total chunks to process: 133 (chunk size = 5,000)
  [Chunk US_0000] Already complete (5,000 entities). Skipping.
  [Chunk US_0001] Already complete (5,000 entities). Skipping.
  [Chunk US_0002] Already complete (5,000 entities). Skipping.
  [Chunk US_0003] Already complete (5,000 entities). Skipping.
  [Chunk US_0004] Processing 5,000 entities...
  [Chunk US_0004] Completed in 74.3s (67.3 ent/s). Claims: 23,067 | RAM: 4691.3 MB
  [Chunk US_0005] Processing 5,000 entities...
  [Chunk US_0005] Completed in 66.5s (75.2 ent/s). Claims: 23,320 | RAM: 6227.0 MB
  [Chunk US_0006] Processing 5,000 entities...
  [Chunk US_0006] Completed in 67.1s (74.6 ent/s). Claims: 23,094 | RAM: 4652.1 MB
  [Chunk US_0007] Processing 5,000 entities...
  [Chunk US_0007] Completed in 70.0s (71.4 ent/s). Claims: 23,163 | RAM: 6106.1 MB
  [Chunk US_0008] Processing 5,000 entities...
  [Chunk US_0008] Completed in 64.1s (78.0 ent/s). Claims: 23,287 | RAM: 6315.2 MB
  [Chunk US_0009] Processing 5,000 entities...
  [Chunk US_0009] Completed in 62.2s (80.3 ent/s). Claims: 22,898 | RAM: 3531.3 MB
  [Chunk US_0010] Processing 5,000 entities...
  [Chunk US_0010] Completed in 86.0s (58.1 ent/s). Claims: 22,944 | RAM: 5315.0 MB
  [Chunk US_0011] Processing 5,000 entities...
  [Chunk US_0011] Completed in 71.0s (70.4 ent/s). Claims: 23,157 | RAM: 5199.8 MB
  [Chunk US_0012] Processing 5,000 entities...
  [Chunk US_0012] Completed in 76.9s (65.0 ent/s). Claims: 23,250 | RAM: 5765.7 MB
  [Chunk US_0013] Processing 5,000 entities...
  [Chunk US_0013] Completed in 73.6s (67.9 ent/s). Claims: 23,269 | RAM: 3800.9 MB
  [Chunk US_0014] Processing 5,000 entities...
  [Chunk US_0014] Completed in 81.2s (61.5 ent/s). Claims: 23,060 | RAM: 3773.8 MB
  [Chunk US_0015] Processing 5,000 entities...
  [Chunk US_0015] Completed in 76.1s (65.7 ent/s). Claims: 23,237 | RAM: 3356.3 MB
  [Chunk US_0016] Processing 5,000 entities...
  [Chunk US_0016] Completed in 73.1s (68.4 ent/s). Claims: 23,269 | RAM: 3817.1 MB
  [Chunk US_0017] Processing 5,000 entities...

=======================================================
STARTING COUNTRY INFERENCE: US (workers=1)
=======================================================
Loaded 663,106 test queries for US.
Loading target records for US...
Loaded 3,817,031 targets in 3.78s. Building inverted index...
Inverted index built in 131.47s. RAM: 5520.5 MB
Total chunks to process: 133 (chunk size = 5,000, workers = 1)
  [Chunk US_0000] Already complete (5,000 entities). Skipping.
  [Chunk US_0001] Already complete (5,000 entities). Skipping.
  [Chunk US_0002] Already complete (5,000 entities). Skipping.
  [Chunk US_0003] Already complete (5,000 entities). Skipping.
  [Chunk US_0004] Already complete (5,000 entities). Skipping.
  [Chunk US_0005] Already complete (5,000 entities). Skipping.
  [Chunk US_0006] Already complete (5,000 entities). Skipping.
  [Chunk US_0007] Already complete (5,000 entities). Skipping.
  [Chunk US_0008] Already complete (5,000 entities). Skipping.
  [Chunk US_0009] Already complete (5,000 entities). Skipping.
  [Chunk US_0010] Already complete (5,000 entities). Skipping.
  [Chunk US_0011] Already complete (5,000 entities). Skipping.
  [Chunk US_0012] Already complete (5,000 entities). Skipping.
  [Chunk US_0013] Already complete (5,000 entities). Skipping.
  [Chunk US_0014] Already complete (5,000 entities). Skipping.
  [Chunk US_0015] Already complete (5,000 entities). Skipping.
  [Chunk US_0016] Already complete (5,000 entities). Skipping.
  [Chunk US_0017] Already complete (5,000 entities). Skipping.
  [Chunk US_0018] Already complete (5,000 entities). Skipping.
  [Chunk US_0019] Already complete (5,000 entities). Skipping.
  [Chunk US_0020] Already complete (5,000 entities). Skipping.
  [Chunk US_0021] Processing 5,000 entities...
  [Chunk US_0021] Completed in 62.9s (79.4 ent/s). Claims: 23,163 | RAM: 7786.7 MB
  [Chunk US_0022] Processing 5,000 entities...
  [Chunk US_0022] Completed in 64.3s (77.8 ent/s). Claims: 23,299 | RAM: 7844.4 MB
  [Chunk US_0023] Processing 5,000 entities...
  [Chunk US_0023] Completed in 65.1s (76.8 ent/s). Claims: 22,896 | RAM: 6745.0 MB
  [Chunk US_0024] Processing 5,000 entities...
  [Chunk US_0024] Completed in 64.9s (77.1 ent/s). Claims: 23,092 | RAM: 6680.6 MB
  [Chunk US_0025] Processing 5,000 entities...
  [Chunk US_0025] Completed in 64.9s (77.0 ent/s). Claims: 23,030 | RAM: 6344.0 MB
  [Chunk US_0026] Processing 5,000 entities...
  [Chunk US_0026] Completed in 64.0s (78.1 ent/s). Claims: 23,150 | RAM: 6291.5 MB
  [Chunk US_0027] Processing 5,000 entities...
  [Chunk US_0027] Completed in 65.3s (76.6 ent/s). Claims: 23,145 | RAM: 6870.3 MB
  [Chunk US_0028] Processing 5,000 entities...
  [Chunk US_0028] Completed in 64.9s (77.0 ent/s). Claims: 23,155 | RAM: 6585.9 MB
  [Chunk US_0029] Processing 5,000 entities...
  [Chunk US_0029] Completed in 65.7s (76.1 ent/s). Claims: 23,242 | RAM: 6440.5 MB
  [Chunk US_0030] Processing 5,000 entities...
  [Chunk US_0030] Completed in 63.1s (79.3 ent/s). Claims: 23,174 | RAM: 6435.3 MB
  [Chunk US_0031] Processing 5,000 entities...
  [Chunk US_0031] Completed in 63.5s (78.7 ent/s). Claims: 23,134 | RAM: 6461.0 MB
  [Chunk US_0032] Processing 5,000 entities...
  [Chunk US_0032] Completed in 65.5s (76.4 ent/s). Claims: 23,245 | RAM: 6942.8 MB
  [Chunk US_0033] Processing 5,000 entities...
  [Chunk US_0033] Completed in 63.6s (78.7 ent/s). Claims: 23,052 | RAM: 7278.2 MB
  [Chunk US_0034] Processing 5,000 entities...
  [Chunk US_0034] Completed in 62.3s (80.3 ent/s). Claims: 23,032 | RAM: 6753.9 MB
  [Chunk US_0035] Processing 5,000 entities...
  [Chunk US_0035] Completed in 63.9s (78.2 ent/s). Claims: 23,307 | RAM: 6579.6 MB
  [Chunk US_0036] Processing 5,000 entities...
  [Chunk US_0036] Completed in 64.0s (78.1 ent/s). Claims: 22,929 | RAM: 6704.7 MB
  [Chunk US_0037] Processing 5,000 entities...
  [Chunk US_0037] Completed in 62.8s (79.6 ent/s). Claims: 23,006 | RAM: 6273.0 MB
  [Chunk US_0038] Processing 5,000 entities...
  [Chunk US_0038] Completed in 62.1s (80.5 ent/s). Claims: 23,075 | RAM: 7250.1 MB
  [Chunk US_0039] Processing 5,000 entities...
  [Chunk US_0039] Completed in 64.3s (77.7 ent/s). Claims: 23,176 | RAM: 6970.9 MB
  [Chunk US_0040] Processing 5,000 entities...
  [Chunk US_0040] Completed in 63.8s (78.4 ent/s). Claims: 23,254 | RAM: 6673.3 MB
  [Chunk US_0041] Processing 5,000 entities...
  [Chunk US_0041] Completed in 63.5s (78.7 ent/s). Claims: 23,066 | RAM: 6143.1 MB
  [Chunk US_0042] Processing 5,000 entities...
  [Chunk US_0042] Completed in 63.2s (79.1 ent/s). Claims: 23,017 | RAM: 6803.9 MB
  [Chunk US_0043] Processing 5,000 entities...
  [Chunk US_0043] Completed in 63.6s (78.6 ent/s). Claims: 23,019 | RAM: 6653.0 MB
  [Chunk US_0044] Processing 5,000 entities...
  [Chunk US_0044] Completed in 63.9s (78.2 ent/s). Claims: 23,319 | RAM: 6845.2 MB
  [Chunk US_0045] Processing 5,000 entities...
  [Chunk US_0045] Completed in 64.5s (77.5 ent/s). Claims: 23,130 | RAM: 6369.6 MB
  [Chunk US_0046] Processing 5,000 entities...
  [Chunk US_0046] Completed in 63.9s (78.3 ent/s). Claims: 23,075 | RAM: 6541.6 MB
  [Chunk US_0047] Processing 5,000 entities...
  [Chunk US_0047] Completed in 63.7s (78.5 ent/s). Claims: 23,189 | RAM: 5692.1 MB
  [Chunk US_0048] Processing 5,000 entities...
  [Chunk US_0048] Completed in 65.1s (76.8 ent/s). Claims: 23,170 | RAM: 6414.7 MB
  [Chunk US_0049] Processing 5,000 entities...
  [Chunk US_0049] Completed in 65.6s (76.2 ent/s). Claims: 23,253 | RAM: 6525.8 MB
  [Chunk US_0050] Processing 5,000 entities...
  [Chunk US_0050] Completed in 63.7s (78.4 ent/s). Claims: 23,014 | RAM: 6504.8 MB
  [Chunk US_0051] Processing 5,000 entities...
  [Chunk US_0051] Completed in 64.9s (77.1 ent/s). Claims: 22,991 | RAM: 6441.8 MB
  [Chunk US_0052] Processing 5,000 entities...
  [Chunk US_0052] Completed in 65.7s (76.1 ent/s). Claims: 23,243 | RAM: 6570.5 MB
  [Chunk US_0053] Processing 5,000 entities...
  [Chunk US_0053] Completed in 64.4s (77.6 ent/s). Claims: 23,092 | RAM: 3038.4 MB
  [Chunk US_0054] Processing 5,000 entities...
  [Chunk US_0054] Completed in 74.0s (67.6 ent/s). Claims: 23,123 | RAM: 5491.3 MB
  [Chunk US_0055] Processing 5,000 entities...
  [Chunk US_0055] Completed in 68.0s (73.6 ent/s). Claims: 23,302 | RAM: 4187.3 MB
  [Chunk US_0056] Processing 5,000 entities...
  [Chunk US_0056] Completed in 69.4s (72.0 ent/s). Claims: 23,194 | RAM: 4728.4 MB
  [Chunk US_0057] Processing 5,000 entities...
  [Chunk US_0057] Completed in 69.6s (71.9 ent/s). Claims: 23,104 | RAM: 4670.7 MB
  [Chunk US_0058] Processing 5,000 entities...
  [Chunk US_0058] Completed in 80.3s (62.3 ent/s). Claims: 23,222 | RAM: 3987.1 MB
  [Chunk US_0059] Processing 5,000 entities...
  [Chunk US_0059] Completed in 122.5s (40.8 ent/s). Claims: 23,242 | RAM: 3413.7 MB
  [Chunk US_0060] Processing 5,000 entities...
  [Chunk US_0060] Completed in 72.6s (68.8 ent/s). Claims: 23,156 | RAM: 3932.2 MB
  [Chunk US_0061] Processing 5,000 entities...
  [Chunk US_0061] Completed in 81.7s (61.2 ent/s). Claims: 23,091 | RAM: 3313.1 MB
  [Chunk US_0062] Processing 5,000 entities...
  [Chunk US_0062] Completed in 116.1s (43.1 ent/s). Claims: 23,225 | RAM: 2444.9 MB
  [Chunk US_0063] Processing 5,000 entities...

=======================================================
STARTING COUNTRY INFERENCE: US (workers=1)
=======================================================
Loaded 663,106 test queries for US.
Loading target records for US...
Loaded 3,817,031 targets in 3.81s. Building inverted index...
Inverted index built in 132.89s. RAM: 5444.2 MB
Total chunks to process: 133 (chunk size = 5,000, workers = 1)
  [Chunk US_0000] Already complete (5,000 entities). Skipping.
  [Chunk US_0001] Already complete (5,000 entities). Skipping.
  [Chunk US_0002] Already complete (5,000 entities). Skipping.
  [Chunk US_0003] Already complete (5,000 entities). Skipping.
  [Chunk US_0004] Already complete (5,000 entities). Skipping.
  [Chunk US_0005] Already complete (5,000 entities). Skipping.
  [Chunk US_0006] Already complete (5,000 entities). Skipping.
  [Chunk US_0007] Already complete (5,000 entities). Skipping.
  [Chunk US_0008] Already complete (5,000 entities). Skipping.
  [Chunk US_0009] Already complete (5,000 entities). Skipping.
  [Chunk US_0010] Already complete (5,000 entities). Skipping.
  [Chunk US_0011] Already complete (5,000 entities). Skipping.
  [Chunk US_0012] Already complete (5,000 entities). Skipping.
  [Chunk US_0013] Already complete (5,000 entities). Skipping.
  [Chunk US_0014] Already complete (5,000 entities). Skipping.
  [Chunk US_0015] Already complete (5,000 entities). Skipping.
  [Chunk US_0016] Already complete (5,000 entities). Skipping.
  [Chunk US_0017] Already complete (5,000 entities). Skipping.
  [Chunk US_0018] Already complete (5,000 entities). Skipping.
  [Chunk US_0019] Already complete (5,000 entities). Skipping.
  [Chunk US_0020] Already complete (5,000 entities). Skipping.
  [Chunk US_0021] Already complete (5,000 entities). Skipping.
  [Chunk US_0022] Already complete (5,000 entities). Skipping.
  [Chunk US_0023] Already complete (5,000 entities). Skipping.
  [Chunk US_0024] Already complete (5,000 entities). Skipping.
  [Chunk US_0025] Already complete (5,000 entities). Skipping.
  [Chunk US_0026] Already complete (5,000 entities). Skipping.
  [Chunk US_0027] Already complete (5,000 entities). Skipping.
  [Chunk US_0028] Already complete (5,000 entities). Skipping.
  [Chunk US_0029] Already complete (5,000 entities). Skipping.
  [Chunk US_0030] Already complete (5,000 entities). Skipping.
  [Chunk US_0031] Already complete (5,000 entities). Skipping.
  [Chunk US_0032] Already complete (5,000 entities). Skipping.
  [Chunk US_0033] Already complete (5,000 entities). Skipping.
  [Chunk US_0034] Already complete (5,000 entities). Skipping.
  [Chunk US_0035] Already complete (5,000 entities). Skipping.
  [Chunk US_0036] Already complete (5,000 entities). Skipping.
  [Chunk US_0037] Already complete (5,000 entities). Skipping.
  [Chunk US_0038] Already complete (5,000 entities). Skipping.
  [Chunk US_0039] Already complete (5,000 entities). Skipping.
  [Chunk US_0040] Already complete (5,000 entities). Skipping.
  [Chunk US_0041] Already complete (5,000 entities). Skipping.
  [Chunk US_0042] Already complete (5,000 entities). Skipping.
  [Chunk US_0043] Already complete (5,000 entities). Skipping.
  [Chunk US_0044] Already complete (5,000 entities). Skipping.
  [Chunk US_0045] Already complete (5,000 entities). Skipping.
  [Chunk US_0046] Already complete (5,000 entities). Skipping.
  [Chunk US_0047] Already complete (5,000 entities). Skipping.
  [Chunk US_0048] Already complete (5,000 entities). Skipping.
  [Chunk US_0049] Already complete (5,000 entities). Skipping.
  [Chunk US_0050] Already complete (5,000 entities). Skipping.
  [Chunk US_0051] Already complete (5,000 entities). Skipping.
  [Chunk US_0052] Already complete (5,000 entities). Skipping.
  [Chunk US_0053] Already complete (5,000 entities). Skipping.
  [Chunk US_0054] Already complete (5,000 entities). Skipping.
  [Chunk US_0055] Already complete (5,000 entities). Skipping.
  [Chunk US_0056] Already complete (5,000 entities). Skipping.
  [Chunk US_0057] Already complete (5,000 entities). Skipping.
  [Chunk US_0058] Already complete (5,000 entities). Skipping.
  [Chunk US_0059] Already complete (5,000 entities). Skipping.
  [Chunk US_0060] Already complete (5,000 entities). Skipping.
  [Chunk US_0061] Already complete (5,000 entities). Skipping.
  [Chunk US_0062] Already complete (5,000 entities). Skipping.
  [Chunk US_0063] Processing 5,000 entities...
  [Chunk US_0063] Completed in 69.4s (72.0 ent/s). Claims: 23,160 | RAM: 6945.3 MB
  [Chunk US_0064] Processing 5,000 entities...
  [Chunk US_0064] Completed in 67.0s (74.7 ent/s). Claims: 22,982 | RAM: 6656.9 MB
  [Chunk US_0065] Processing 5,000 entities...
  [Chunk US_0065] Completed in 67.5s (74.1 ent/s). Claims: 23,236 | RAM: 5606.5 MB
  [Chunk US_0066] Processing 5,000 entities...
  [Chunk US_0066] Completed in 75.3s (66.4 ent/s). Claims: 23,109 | RAM: 5148.7 MB
  [Chunk US_0067] Processing 5,000 entities...
  [Chunk US_0067] Completed in 108.8s (45.9 ent/s). Claims: 23,142 | RAM: 2448.8 MB
  [Chunk US_0068] Processing 5,000 entities...
  [Chunk US_0068] Completed in 196.4s (25.5 ent/s). Claims: 23,014 | RAM: 3282.5 MB
  [Chunk US_0069] Processing 5,000 entities...
  [Chunk US_0069] Completed in 67.5s (74.0 ent/s). Claims: 23,150 | RAM: 5920.9 MB
  [Chunk US_0070] Processing 5,000 entities...
  [Chunk US_0070] Completed in 67.5s (74.1 ent/s). Claims: 23,051 | RAM: 6281.5 MB
  [Chunk US_0071] Processing 5,000 entities...
  [Chunk US_0071] Completed in 66.4s (75.3 ent/s). Claims: 23,261 | RAM: 6076.9 MB
  [Chunk US_0072] Processing 5,000 entities...
  [Chunk US_0072] Completed in 65.1s (76.8 ent/s). Claims: 23,186 | RAM: 6480.5 MB
  [Chunk US_0073] Processing 5,000 entities...
  [Chunk US_0073] Completed in 65.4s (76.5 ent/s). Claims: 23,343 | RAM: 6268.7 MB
  [Chunk US_0074] Processing 5,000 entities...
  [Chunk US_0074] Completed in 64.2s (77.9 ent/s). Claims: 23,326 | RAM: 6288.8 MB
  [Chunk US_0075] Processing 5,000 entities...
  [Chunk US_0075] Completed in 66.1s (75.6 ent/s). Claims: 22,986 | RAM: 6466.2 MB
  [Chunk US_0076] Processing 5,000 entities...
  [Chunk US_0076] Completed in 64.8s (77.2 ent/s). Claims: 23,149 | RAM: 5785.3 MB
  [Chunk US_0077] Processing 5,000 entities...
  [Chunk US_0077] Completed in 65.0s (76.9 ent/s). Claims: 22,750 | RAM: 6213.5 MB
  [Chunk US_0078] Processing 5,000 entities...
  [Chunk US_0078] Completed in 64.1s (78.0 ent/s). Claims: 23,347 | RAM: 6632.3 MB
  [Chunk US_0079] Processing 5,000 entities...
  [Chunk US_0079] Completed in 70.7s (70.7 ent/s). Claims: 23,295 | RAM: 5432.7 MB
  [Chunk US_0080] Processing 5,000 entities...
  [Chunk US_0080] Completed in 70.6s (70.8 ent/s). Claims: 23,369 | RAM: 5508.5 MB
  [Chunk US_0081] Processing 5,000 entities...
  [Chunk US_0081] Completed in 67.1s (74.6 ent/s). Claims: 23,121 | RAM: 6304.5 MB
  [Chunk US_0082] Processing 5,000 entities...
  [Chunk US_0082] Completed in 67.8s (73.8 ent/s). Claims: 23,249 | RAM: 5095.1 MB
  [Chunk US_0083] Processing 5,000 entities...
  [Chunk US_0083] Completed in 67.0s (74.6 ent/s). Claims: 23,111 | RAM: 6263.8 MB
  [Chunk US_0084] Processing 5,000 entities...
  [Chunk US_0084] Completed in 67.2s (74.4 ent/s). Claims: 23,136 | RAM: 6030.1 MB
  [Chunk US_0085] Processing 5,000 entities...
  [Chunk US_0085] Completed in 70.5s (70.9 ent/s). Claims: 23,061 | RAM: 5619.6 MB
  [Chunk US_0086] Processing 5,000 entities...
  [Chunk US_0086] Completed in 65.4s (76.4 ent/s). Claims: 23,027 | RAM: 6624.8 MB
  [Chunk US_0087] Processing 5,000 entities...
  [Chunk US_0087] Completed in 69.2s (72.2 ent/s). Claims: 23,060 | RAM: 6038.8 MB
  [Chunk US_0088] Processing 5,000 entities...
  [Chunk US_0088] Completed in 66.2s (75.6 ent/s). Claims: 23,080 | RAM: 6181.6 MB
  [Chunk US_0089] Processing 5,000 entities...
  [Chunk US_0089] Completed in 67.2s (74.4 ent/s). Claims: 23,110 | RAM: 5962.0 MB
  [Chunk US_0090] Processing 5,000 entities...
  [Chunk US_0090] Completed in 70.8s (70.6 ent/s). Claims: 23,110 | RAM: 6560.8 MB
  [Chunk US_0091] Processing 5,000 entities...
  [Chunk US_0091] Completed in 66.4s (75.3 ent/s). Claims: 23,004 | RAM: 6044.9 MB
  [Chunk US_0092] Processing 5,000 entities...
  [Chunk US_0092] Completed in 66.1s (75.6 ent/s). Claims: 23,082 | RAM: 5846.6 MB
  [Chunk US_0093] Processing 5,000 entities...
  [Chunk US_0093] Completed in 69.9s (71.6 ent/s). Claims: 23,133 | RAM: 5924.7 MB
  [Chunk US_0094] Processing 5,000 entities...
  [Chunk US_0094] Completed in 64.3s (77.7 ent/s). Claims: 23,214 | RAM: 6704.3 MB
  [Chunk US_0095] Processing 5,000 entities...
  [Chunk US_0095] Completed in 64.6s (77.4 ent/s). Claims: 23,208 | RAM: 6273.0 MB
  [Chunk US_0096] Processing 5,000 entities...
  [Chunk US_0096] Completed in 64.1s (78.0 ent/s). Claims: 23,193 | RAM: 6604.3 MB
  [Chunk US_0097] Processing 5,000 entities...
  [Chunk US_0097] Completed in 64.4s (77.7 ent/s). Claims: 23,073 | RAM: 6204.0 MB
  [Chunk US_0098] Processing 5,000 entities...
  [Chunk US_0098] Completed in 64.5s (77.5 ent/s). Claims: 22,995 | RAM: 6271.9 MB
  [Chunk US_0099] Processing 5,000 entities...
  [Chunk US_0099] Completed in 66.6s (75.1 ent/s). Claims: 23,049 | RAM: 4503.5 MB
  [Chunk US_0100] Processing 5,000 entities...
  [Chunk US_0100] Completed in 68.4s (73.1 ent/s). Claims: 23,236 | RAM: 6597.5 MB
  [Chunk US_0101] Processing 5,000 entities...
  [Chunk US_0101] Completed in 66.3s (75.4 ent/s). Claims: 23,430 | RAM: 5558.7 MB
  [Chunk US_0102] Processing 5,000 entities...
  [Chunk US_0102] Completed in 66.0s (75.8 ent/s). Claims: 23,027 | RAM: 5120.5 MB
  [Chunk US_0103] Processing 5,000 entities...
  [Chunk US_0103] Completed in 68.5s (73.0 ent/s). Claims: 23,418 | RAM: 3650.7 MB
  [Chunk US_0104] Processing 5,000 entities...
  [Chunk US_0104] Completed in 68.1s (73.4 ent/s). Claims: 23,479 | RAM: 6271.5 MB
  [Chunk US_0105] Processing 5,000 entities...
  [Chunk US_0105] Completed in 66.2s (75.5 ent/s). Claims: 23,189 | RAM: 5079.0 MB
  [Chunk US_0106] Processing 5,000 entities...
  [Chunk US_0106] Completed in 67.0s (74.7 ent/s). Claims: 23,175 | RAM: 5522.2 MB
  [Chunk US_0107] Processing 5,000 entities...
  [Chunk US_0107] Completed in 67.6s (74.0 ent/s). Claims: 23,044 | RAM: 5387.2 MB
  [Chunk US_0108] Processing 5,000 entities...
  [Chunk US_0108] Completed in 65.3s (76.6 ent/s). Claims: 23,051 | RAM: 5541.3 MB
  [Chunk US_0109] Processing 5,000 entities...
  [Chunk US_0109] Completed in 67.3s (74.3 ent/s). Claims: 23,169 | RAM: 6323.3 MB
  [Chunk US_0110] Processing 5,000 entities...
  [Chunk US_0110] Completed in 64.8s (77.2 ent/s). Claims: 23,113 | RAM: 5940.9 MB
  [Chunk US_0111] Processing 5,000 entities...
  [Chunk US_0111] Completed in 66.5s (75.2 ent/s). Claims: 23,125 | RAM: 5946.7 MB
  [Chunk US_0112] Processing 5,000 entities...
  [Chunk US_0112] Completed in 68.2s (73.3 ent/s). Claims: 23,249 | RAM: 5315.8 MB
  [Chunk US_0113] Processing 5,000 entities...
  [Chunk US_0113] Completed in 67.6s (74.0 ent/s). Claims: 23,301 | RAM: 5661.6 MB
  [Chunk US_0114] Processing 5,000 entities...
  [Chunk US_0114] Completed in 63.9s (78.2 ent/s). Claims: 23,196 | RAM: 5706.0 MB
  [Chunk US_0115] Processing 5,000 entities...
  [Chunk US_0115] Completed in 63.8s (78.3 ent/s). Claims: 23,111 | RAM: 6088.3 MB
  [Chunk US_0116] Processing 5,000 entities...
  [Chunk US_0116] Completed in 64.9s (77.1 ent/s). Claims: 22,956 | RAM: 6267.9 MB
  [Chunk US_0117] Processing 5,000 entities...
  [Chunk US_0117] Completed in 64.7s (77.2 ent/s). Claims: 22,984 | RAM: 5777.9 MB
  [Chunk US_0118] Processing 5,000 entities...
  [Chunk US_0118] Completed in 65.0s (76.9 ent/s). Claims: 22,915 | RAM: 6199.8 MB
  [Chunk US_0119] Processing 5,000 entities...
  [Chunk US_0119] Completed in 68.0s (73.5 ent/s). Claims: 23,145 | RAM: 6294.6 MB
  [Chunk US_0120] Processing 5,000 entities...
  [Chunk US_0120] Completed in 66.4s (75.3 ent/s). Claims: 22,985 | RAM: 5364.8 MB
  [Chunk US_0121] Processing 5,000 entities...
  [Chunk US_0121] Completed in 66.7s (75.0 ent/s). Claims: 23,159 | RAM: 6103.6 MB
  [Chunk US_0122] Processing 5,000 entities...
  [Chunk US_0122] Completed in 68.2s (73.3 ent/s). Claims: 22,896 | RAM: 5625.5 MB
  [Chunk US_0123] Processing 5,000 entities...
  [Chunk US_0123] Completed in 69.1s (72.4 ent/s). Claims: 23,107 | RAM: 6268.0 MB
  [Chunk US_0124] Processing 5,000 entities...
  [Chunk US_0124] Completed in 75.8s (66.0 ent/s). Claims: 23,335 | RAM: 5251.9 MB
  [Chunk US_0125] Processing 5,000 entities...
  [Chunk US_0125] Completed in 72.4s (69.0 ent/s). Claims: 23,014 | RAM: 5809.5 MB
  [Chunk US_0126] Processing 5,000 entities...
  [Chunk US_0126] Completed in 74.2s (67.3 ent/s). Claims: 23,182 | RAM: 6174.9 MB
  [Chunk US_0127] Processing 5,000 entities...
  [Chunk US_0127] Completed in 69.3s (72.1 ent/s). Claims: 23,168 | RAM: 6430.7 MB
  [Chunk US_0128] Processing 5,000 entities...
  [Chunk US_0128] Completed in 66.6s (75.0 ent/s). Claims: 23,210 | RAM: 6220.3 MB
  [Chunk US_0129] Processing 5,000 entities...
  [Chunk US_0129] Completed in 67.6s (73.9 ent/s). Claims: 23,003 | RAM: 6237.3 MB
  [Chunk US_0130] Processing 5,000 entities...
  [Chunk US_0130] Completed in 69.2s (72.2 ent/s). Claims: 23,255 | RAM: 6279.8 MB
  [Chunk US_0131] Processing 5,000 entities...
  [Chunk US_0131] Completed in 83.1s (60.1 ent/s). Claims: 23,009 | RAM: 5007.9 MB
  [Chunk US_0132] Processing 3,106 entities...
  [Chunk US_0132] Completed in 41.2s (75.5 ent/s). Claims: 14,584 | RAM: 6968.8 MB

All 133 chunks complete for US. Running country-wide 1:1 conflict resolution...
Conflict resolution complete in 3.72s:
  Conflicted targets: 57,554
  Duplicate claims removed: 78,278
  Total matched entities: 2,990,772
Country US artifacts assembled successfully.
